// Jest Snapshot v1, https://goo.gl/fbAQLP

exports[`renders correctly 1`] = `
<Styled(Select)
  onUpdate={[Function]}
  options={
    Array [
      Object {
        "label": "Speakers",
        "value": "speakers",
      },
      Object {
        "label": "Attendies",
        "value": "attendies",
      },
      Object {
        "label": "Moderators",
        "value": "moderators",
      },
    ]
  }
>
  <Select
    className="sc-bwzfXH jebJts"
    fallbackIcon=""
    fallbackIconBg=""
    fallbackIconColor=""
    hasError={false}
    iconSize="18px"
    itemStyle={Object {}}
    multi={false}
    offlineEnabled={false}
    onUpdate={[Function]}
    options={
      Array [
        Object {
          "label": "Speakers",
          "value": "speakers",
        },
        Object {
          "label": "Attendies",
          "value": "attendies",
        },
        Object {
          "label": "Moderators",
          "value": "moderators",
        },
      ]
    }
    placeholder=""
    styledProperty=""
    type={null}
    value=""
  >
    <Styled(Select)
      className="sc-bwzfXH jebJts"
      fallbackIcon=""
      fallbackIconBg=""
      fallbackIconColor=""
      hasError={false}
      iconSize="18px"
      itemStyle={Object {}}
      multi={false}
      offlineEnabled={false}
      onChange={[Function]}
      onUpdate={[Function]}
      optionRenderer={[Function]}
      options={
        Array [
          Object {
            "label": "Speakers",
            "value": "speakers",
          },
          Object {
            "label": "Attendies",
            "value": "attendies",
          },
          Object {
            "label": "Moderators",
            "value": "moderators",
          },
        ]
      }
      placeholder=""
      styledProperty=""
      value=""
      valueRenderer={[Function]}
    >
      <Select
        addLabelText="Add \\"{label}\\"?"
        arrowRenderer={[Function]}
        autosize={true}
        backspaceRemoves={true}
        backspaceToRemoveMessage="Press backspace to remove {label}"
        className="sc-bwzfXH jebJts sc-bdVaJa bQxNgu"
        clearAllText="Clear all"
        clearRenderer={[Function]}
        clearValueText="Clear value"
        clearable={true}
        deleteRemoves={true}
        delimiter=","
        disabled={false}
        escapeClearsValue={true}
        fallbackIcon=""
        fallbackIconBg=""
        fallbackIconColor=""
        filterOptions={[Function]}
        hasError={false}
        iconSize="18px"
        ignoreAccents={true}
        ignoreCase={true}
        inputProps={Object {}}
        isLoading={false}
        itemStyle={Object {}}
        joinValues={false}
        labelKey="label"
        matchPos="any"
        matchProp="any"
        menuBuffer={0}
        menuRenderer={[Function]}
        multi={false}
        noResultsText="No results found"
        offlineEnabled={false}
        onBlurResetsInput={true}
        onChange={[Function]}
        onCloseResetsInput={true}
        onUpdate={[Function]}
        optionComponent={[Function]}
        optionRenderer={[Function]}
        options={
          Array [
            Object {
              "label": "Speakers",
              "value": "speakers",
            },
            Object {
              "label": "Attendies",
              "value": "attendies",
            },
            Object {
              "label": "Moderators",
              "value": "moderators",
            },
          ]
        }
        pageSize={5}
        placeholder=""
        required={false}
        scrollMenuIntoView={true}
        searchable={true}
        simpleValue={false}
        styledProperty=""
        tabSelectsValue={true}
        value=""
        valueComponent={[Function]}
        valueKey="value"
        valueRenderer={[Function]}
      >
        <div
          className="Select sc-bwzfXH jebJts sc-bdVaJa bQxNgu Select--single is-clearable is-searchable"
        >
          <div
            className="Select-control"
            onKeyDown={[Function]}
            onMouseDown={[Function]}
            onTouchEnd={[Function]}
            onTouchMove={[Function]}
            onTouchStart={[Function]}
          >
            <span
              className="Select-multi-value-wrapper"
              id="react-select-2--value"
            >
              <div
                className="Select-placeholder"
              />
              <Component
                aria-activedescendant="react-select-2--value"
                aria-expanded="false"
                aria-haspopup="false"
                aria-owns=""
                className="Select-input"
                minWidth="5"
                onBlur={[Function]}
                onChange={[Function]}
                onFocus={[Function]}
                required={false}
                role="combobox"
                value=""
              >
                <div
                  className="Select-input"
                  style={
                    Object {
                      "display": "inline-block",
                    }
                  }
                >
                  <input
                    aria-activedescendant="react-select-2--value"
                    aria-expanded="false"
                    aria-haspopup="false"
                    aria-owns=""
                    onBlur={[Function]}
                    onChange={[Function]}
                    onFocus={[Function]}
                    required={false}
                    role="combobox"
                    style={
                      Object {
                        "boxSizing": "content-box",
                        "width": "5px",
                      }
                    }
                    value=""
                  />
                  <div
                    style={
                      Object {
                        "height": 0,
                        "left": 0,
                        "overflow": "scroll",
                        "position": "absolute",
                        "top": 0,
                        "visibility": "hidden",
                        "whiteSpace": "pre",
                      }
                    }
                  />
                </div>
              </Component>
            </span>
            <span
              aria-label="Clear value"
              className="Select-clear-zone"
              onMouseDown={[Function]}
              onTouchEnd={[Function]}
              onTouchMove={[Function]}
              onTouchStart={[Function]}
              title="Clear value"
            >
              <span
                className="Select-clear"
                dangerouslySetInnerHTML={
                  Object {
                    "__html": "&times;",
                  }
                }
              />
            </span>
            <span
              className="Select-arrow-zone"
              onMouseDown={[Function]}
            >
              <span
                className="Select-arrow"
                onMouseDown={[Function]}
              />
            </span>
          </div>
        </div>
      </Select>
    </Styled(Select)>
  </Select>
</Styled(Select)>
`;
